Archive member included to satisfy reference by file (symbol)

c:/program files/gnu tools arm embedded/5.3 2016q1/bin/../lib/gcc/arm-none-eabi/5.3.1/../../../../arm-none-eabi/lib/armv7-m\libc.a(lib_a-exit.o)
                              c:/program files/gnu tools arm embedded/5.3 2016q1/bin/../lib/gcc/arm-none-eabi/5.3.1/../../../../arm-none-eabi/lib/armv7-m/crt0.o (exit)
c:/program files/gnu tools arm embedded/5.3 2016q1/bin/../lib/gcc/arm-none-eabi/5.3.1/../../../../arm-none-eabi/lib/armv7-m\libc.a(lib_a-impure.o)
                              c:/program files/gnu tools arm embedded/5.3 2016q1/bin/../lib/gcc/arm-none-eabi/5.3.1/../../../../arm-none-eabi/lib/armv7-m\libc.a(lib_a-exit.o) (_global_impure_ptr)
c:/program files/gnu tools arm embedded/5.3 2016q1/bin/../lib/gcc/arm-none-eabi/5.3.1/../../../../arm-none-eabi/lib/armv7-m\libc.a(lib_a-init.o)
                              c:/program files/gnu tools arm embedded/5.3 2016q1/bin/../lib/gcc/arm-none-eabi/5.3.1/../../../../arm-none-eabi/lib/armv7-m/crt0.o (__libc_init_array)
c:/program files/gnu tools arm embedded/5.3 2016q1/bin/../lib/gcc/arm-none-eabi/5.3.1/../../../../arm-none-eabi/lib/armv7-m\libc.a(lib_a-memset.o)
                              c:/program files/gnu tools arm embedded/5.3 2016q1/bin/../lib/gcc/arm-none-eabi/5.3.1/../../../../arm-none-eabi/lib/armv7-m/crt0.o (memset)
c:/program files/gnu tools arm embedded/5.3 2016q1/bin/../lib/gcc/arm-none-eabi/5.3.1/../../../../arm-none-eabi/lib/armv7-m\libc.a(lib_a-__call_atexit.o)
                              c:/program files/gnu tools arm embedded/5.3 2016q1/bin/../lib/gcc/arm-none-eabi/5.3.1/../../../../arm-none-eabi/lib/armv7-m\libc.a(lib_a-exit.o) (__call_exitprocs)
c:/program files/gnu tools arm embedded/5.3 2016q1/bin/../lib/gcc/arm-none-eabi/5.3.1/../../../../arm-none-eabi/lib/armv7-m\libc.a(lib_a-atexit.o)
                              c:/program files/gnu tools arm embedded/5.3 2016q1/bin/../lib/gcc/arm-none-eabi/5.3.1/../../../../arm-none-eabi/lib/armv7-m\libc.a(lib_a-__call_atexit.o) (atexit)
c:/program files/gnu tools arm embedded/5.3 2016q1/bin/../lib/gcc/arm-none-eabi/5.3.1/../../../../arm-none-eabi/lib/armv7-m\libc.a(lib_a-fini.o)
                              c:/program files/gnu tools arm embedded/5.3 2016q1/bin/../lib/gcc/arm-none-eabi/5.3.1/../../../../arm-none-eabi/lib/armv7-m\libc.a(lib_a-__call_atexit.o) (__libc_fini_array)
c:/program files/gnu tools arm embedded/5.3 2016q1/bin/../lib/gcc/arm-none-eabi/5.3.1/../../../../arm-none-eabi/lib/armv7-m\libc.a(lib_a-__atexit.o)
                              c:/program files/gnu tools arm embedded/5.3 2016q1/bin/../lib/gcc/arm-none-eabi/5.3.1/../../../../arm-none-eabi/lib/armv7-m\libc.a(lib_a-atexit.o) (__register_exitproc)

Allocating common symbols
Common symbol       size              file

GPIO_Config_port_mux
                    0x4               ..\obj\main.o
ADC_CH_STATE        0x1               ..\obj\main.o
XW8_250_09_16       0x300             ..\obj\main.o
CHANAL              0x60              ..\obj\main.o
array_chek          0x1200            ..\obj\main.o
type_test_signal    0x1               ..\obj\main.o
address             0x4               ..\obj\main.o
counter_receive     0x4               ..\obj\main.o
PORT_CHANAL         0xc0              ..\obj\main.o
numb_bits           0x1               ..\obj\main.o
counter_chanall     0x1               ..\obj\main.o
address_fragment    0x1               ..\obj\main.o
adc_level_add       0x2               ..\obj\main.o
options             0x10              ..\obj\main.o
ADC_InitStructure   0x14              ..\obj\main.o
packing_data_array  0x6               ..\obj\stm32f10x_tim.o
matrix_for_validation
                    0x1               ..\obj\main.o
source_clk          0x1               ..\obj\main.o
PORT_ADC            0xc0              ..\obj\main.o
DATA_READ           0x1               ..\obj\main.o
adc_chek            0x1200            ..\obj\main.o
number_of_channels  0x1               ..\obj\main.o
HSE_ON              0x1               ..\obj\main.o
mode_combo_number   0x1               ..\obj\main.o
address_column      0x1               ..\obj\main.o
RCC_value           0x14              ..\obj\main.o
GPIO_Config_port_out
                    0x4               ..\obj\main.o
GPIO_Config_port_in
                    0x4               ..\obj\main.o
USART3_buffer       0x3e8             ..\obj\main.o
number_repetitions_regime_open
                    0x1               ..\obj\main.o
ADC_CHANALL         0xb               ..\obj\main.o
array_error         0x1200            ..\obj\main.o
type_data_UART      0x4               ..\obj\stm32f10x_tim.o
pin_null            0x1               ..\obj\main.o
ADC_CHANALL_PIN     0x16              ..\obj\main.o
set_option_push     0x1               ..\obj\main.o
counter_array_chek  0x1               ..\obj\main.o
delay_value         0x4               ..\obj\startup_stm32f10x_md.o
PLL_ON              0x1               ..\obj\main.o

Discarded input sections

 .text          0x00000000        0x0 c:/program files/gnu tools arm embedded/5.3 2016q1/bin/../lib/gcc/arm-none-eabi/5.3.1/armv7-m/crti.o
 .data          0x00000000        0x0 c:/program files/gnu tools arm embedded/5.3 2016q1/bin/../lib/gcc/arm-none-eabi/5.3.1/armv7-m/crti.o
 .bss           0x00000000        0x0 c:/program files/gnu tools arm embedded/5.3 2016q1/bin/../lib/gcc/arm-none-eabi/5.3.1/armv7-m/crti.o
 .data          0x00000000        0x4 c:/program files/gnu tools arm embedded/5.3 2016q1/bin/../lib/gcc/arm-none-eabi/5.3.1/armv7-m/crtbegin.o
 .text          0x00000000       0x74 c:/program files/gnu tools arm embedded/5.3 2016q1/bin/../lib/gcc/arm-none-eabi/5.3.1/../../../../arm-none-eabi/lib/armv7-m/crt0.o
 .data          0x00000000        0x0 c:/program files/gnu tools arm embedded/5.3 2016q1/bin/../lib/gcc/arm-none-eabi/5.3.1/../../../../arm-none-eabi/lib/armv7-m/crt0.o
 .bss           0x00000000        0x0 c:/program files/gnu tools arm embedded/5.3 2016q1/bin/../lib/gcc/arm-none-eabi/5.3.1/../../../../arm-none-eabi/lib/armv7-m/crt0.o
 .ARM.extab     0x00000000        0x0 c:/program files/gnu tools arm embedded/5.3 2016q1/bin/../lib/gcc/arm-none-eabi/5.3.1/../../../../arm-none-eabi/lib/armv7-m/crt0.o
 .ARM.exidx     0x00000000        0x8 c:/program files/gnu tools arm embedded/5.3 2016q1/bin/../lib/gcc/arm-none-eabi/5.3.1/../../../../arm-none-eabi/lib/armv7-m/crt0.o
 .ARM.attributes
                0x00000000       0x1b c:/program files/gnu tools arm embedded/5.3 2016q1/bin/../lib/gcc/arm-none-eabi/5.3.1/../../../../arm-none-eabi/lib/armv7-m/crt0.o
 .text          0x00000000        0x0 ..\obj\stm32f10x_tim.o
 .data          0x00000000        0x0 ..\obj\stm32f10x_tim.o
 .bss           0x00000000        0x0 ..\obj\stm32f10x_tim.o
 .text.TIM_DeInit
                0x00000000      0x22c ..\obj\stm32f10x_tim.o
 .text.TIM_TimeBaseInit
                0x00000000       0xf8 ..\obj\stm32f10x_tim.o
 .text.TIM_OC1Init
                0x00000000      0x118 ..\obj\stm32f10x_tim.o
 .text.TIM_OC2Init
                0x00000000      0x110 ..\obj\stm32f10x_tim.o
 .text.TIM_OC3Init
                0x00000000      0x10c ..\obj\stm32f10x_tim.o
 .text.TIM_OC4Init
                0x00000000       0xd0 ..\obj\stm32f10x_tim.o
 .text.TIM_ICInit
                0x00000000       0xa8 ..\obj\stm32f10x_tim.o
 .text.TIM_PWMIConfig
                0x00000000       0xb8 ..\obj\stm32f10x_tim.o
 .text.TIM_BDTRConfig
                0x00000000       0x50 ..\obj\stm32f10x_tim.o
 .text.TIM_TimeBaseStructInit
                0x00000000       0x34 ..\obj\stm32f10x_tim.o
 .text.TIM_OCStructInit
                0x00000000       0x44 ..\obj\stm32f10x_tim.o
 .text.TIM_ICStructInit
                0x00000000       0x30 ..\obj\stm32f10x_tim.o
 .text.TIM_BDTRStructInit
                0x00000000       0x3c ..\obj\stm32f10x_tim.o
 .text.TIM_Cmd  0x00000000       0x40 ..\obj\stm32f10x_tim.o
 .text.TIM_CtrlPWMOutputs
                0x00000000       0x4c ..\obj\stm32f10x_tim.o
 .text.TIM_ITConfig
                0x00000000       0x48 ..\obj\stm32f10x_tim.o
 .text.TIM_GenerateEvent
                0x00000000       0x1c ..\obj\stm32f10x_tim.o
 .text.TIM_DMAConfig
                0x00000000       0x28 ..\obj\stm32f10x_tim.o
 .text.TIM_DMACmd
                0x00000000       0x48 ..\obj\stm32f10x_tim.o
 .text.TIM_InternalClockConfig
                0x00000000       0x24 ..\obj\stm32f10x_tim.o
 .text.TIM_ITRxExternalClockConfig
                0x00000000       0x30 ..\obj\stm32f10x_tim.o
 .text.TIM_TIxExternalClockConfig
                0x00000000       0x5c ..\obj\stm32f10x_tim.o
 .text.TIM_ETRClockMode1Config
                0x00000000       0x60 ..\obj\stm32f10x_tim.o
 .text.TIM_ETRClockMode2Config
                0x00000000       0x40 ..\obj\stm32f10x_tim.o
 .text.TIM_ETRConfig
                0x00000000       0x54 ..\obj\stm32f10x_tim.o
 .text.TIM_PrescalerConfig
                0x00000000       0x28 ..\obj\stm32f10x_tim.o
 .text.TIM_CounterModeConfig
                0x00000000       0x38 ..\obj\stm32f10x_tim.o
 .text.TIM_SelectInputTrigger
                0x00000000       0x38 ..\obj\stm32f10x_tim.o
 .text.TIM_EncoderInterfaceConfig
                0x00000000       0x98 ..\obj\stm32f10x_tim.o
 .text.TIM_ForcedOC1Config
                0x00000000       0x38 ..\obj\stm32f10x_tim.o
 .text.TIM_ForcedOC2Config
                0x00000000       0x3c ..\obj\stm32f10x_tim.o
 .text.TIM_ForcedOC3Config
                0x00000000       0x38 ..\obj\stm32f10x_tim.o
 .text.TIM_ForcedOC4Config
                0x00000000       0x3c ..\obj\stm32f10x_tim.o
 .text.TIM_ARRPreloadConfig
                0x00000000       0x40 ..\obj\stm32f10x_tim.o
 .text.TIM_SelectCOM
                0x00000000       0x40 ..\obj\stm32f10x_tim.o
 .text.TIM_SelectCCDMA
                0x00000000       0x40 ..\obj\stm32f10x_tim.o
 .text.TIM_CCPreloadControl
                0x00000000       0x40 ..\obj\stm32f10x_tim.o
 .text.TIM_OC1PreloadConfig
                0x00000000       0x38 ..\obj\stm32f10x_tim.o
 .text.TIM_OC2PreloadConfig
                0x00000000       0x3c ..\obj\stm32f10x_tim.o
 .text.TIM_OC3PreloadConfig
                0x00000000       0x38 ..\obj\stm32f10x_tim.o
 .text.TIM_OC4PreloadConfig
                0x00000000       0x3c ..\obj\stm32f10x_tim.o
 .text.TIM_OC1FastConfig
                0x00000000       0x38 ..\obj\stm32f10x_tim.o
 .text.TIM_OC2FastConfig
                0x00000000       0x3c ..\obj\stm32f10x_tim.o
 .text.TIM_OC3FastConfig
                0x00000000       0x38 ..\obj\stm32f10x_tim.o
 .text.TIM_OC4FastConfig
                0x00000000       0x3c ..\obj\stm32f10x_tim.o
 .text.TIM_ClearOC1Ref
                0x00000000       0x38 ..\obj\stm32f10x_tim.o
 .text.TIM_ClearOC2Ref
                0x00000000       0x3c ..\obj\stm32f10x_tim.o
 .text.TIM_ClearOC3Ref
                0x00000000       0x38 ..\obj\stm32f10x_tim.o
 .text.TIM_ClearOC4Ref
                0x00000000       0x3c ..\obj\stm32f10x_tim.o
 .text.TIM_OC1PolarityConfig
                0x00000000       0x38 ..\obj\stm32f10x_tim.o
 .text.TIM_OC1NPolarityConfig
                0x00000000       0x38 ..\obj\stm32f10x_tim.o
 .text.TIM_OC2PolarityConfig
                0x00000000       0x3c ..\obj\stm32f10x_tim.o
 .text.TIM_OC2NPolarityConfig
                0x00000000       0x3c ..\obj\stm32f10x_tim.o
 .text.TIM_OC3PolarityConfig
                0x00000000       0x3c ..\obj\stm32f10x_tim.o
 .text.TIM_OC3NPolarityConfig
                0x00000000       0x3c ..\obj\stm32f10x_tim.o
 .text.TIM_OC4PolarityConfig
                0x00000000       0x3c ..\obj\stm32f10x_tim.o
 .text.TIM_CCxCmd
                0x00000000       0x58 ..\obj\stm32f10x_tim.o
 .text.TIM_CCxNCmd
                0x00000000       0x58 ..\obj\stm32f10x_tim.o
 .text.TIM_SelectOCxM
                0x00000000       0xac ..\obj\stm32f10x_tim.o
 .text.TIM_UpdateDisableConfig
                0x00000000       0x40 ..\obj\stm32f10x_tim.o
 .text.TIM_UpdateRequestConfig
                0x00000000       0x40 ..\obj\stm32f10x_tim.o
 .text.TIM_SelectHallSensor
                0x00000000       0x40 ..\obj\stm32f10x_tim.o
 .text.TIM_SelectOnePulseMode
                0x00000000       0x38 ..\obj\stm32f10x_tim.o
 .text.TIM_SelectOutputTrigger
                0x00000000       0x38 ..\obj\stm32f10x_tim.o
 .text.TIM_SelectSlaveMode
                0x00000000       0x38 ..\obj\stm32f10x_tim.o
 .text.TIM_SelectMasterSlaveMode
                0x00000000       0x38 ..\obj\stm32f10x_tim.o
 .text.TIM_SetCounter
                0x00000000       0x1c ..\obj\stm32f10x_tim.o
 .text.TIM_SetAutoreload
                0x00000000       0x1c ..\obj\stm32f10x_tim.o
 .text.TIM_SetCompare1
                0x00000000       0x1c ..\obj\stm32f10x_tim.o
 .text.TIM_SetCompare2
                0x00000000       0x1c ..\obj\stm32f10x_tim.o
 .text.TIM_SetCompare3
                0x00000000       0x1c ..\obj\stm32f10x_tim.o
 .text.TIM_SetCompare4
                0x00000000       0x20 ..\obj\stm32f10x_tim.o
 .text.TIM_SetIC1Prescaler
                0x00000000       0x38 ..\obj\stm32f10x_tim.o
 .text.TIM_SetIC2Prescaler
                0x00000000       0x3c ..\obj\stm32f10x_tim.o
 .text.TIM_SetIC3Prescaler
                0x00000000       0x38 ..\obj\stm32f10x_tim.o
 .text.TIM_SetIC4Prescaler
                0x00000000       0x3c ..\obj\stm32f10x_tim.o
 .text.TIM_SetClockDivision
                0x00000000       0x38 ..\obj\stm32f10x_tim.o
 .text.TIM_GetCapture1
                0x00000000       0x18 ..\obj\stm32f10x_tim.o
 .text.TIM_GetCapture2
                0x00000000       0x18 ..\obj\stm32f10x_tim.o
 .text.TIM_GetCapture3
                0x00000000       0x18 ..\obj\stm32f10x_tim.o
 .text.TIM_GetCapture4
                0x00000000       0x1c ..\obj\stm32f10x_tim.o
 .text.TIM_GetCounter
                0x00000000       0x18 ..\obj\stm32f10x_tim.o
 .text.TIM_GetPrescaler
                0x00000000       0x18 ..\obj\stm32f10x_tim.o
 .text.TIM_GetFlagStatus
                0x00000000       0x38 ..\obj\stm32f10x_tim.o
 .text.TIM_ClearFlag
                0x00000000       0x20 ..\obj\stm32f10x_tim.o
 .text.TIM_GetITStatus
                0x00000000       0x54 ..\obj\stm32f10x_tim.o
 .text.TIM_ClearITPendingBit
                0x00000000       0x20 ..\obj\stm32f10x_tim.o
 .text.TI1_Config
                0x00000000       0xe0 ..\obj\stm32f10x_tim.o
 .text.TI2_Config
                0x00000000       0xf4 ..\obj\stm32f10x_tim.o
 .text.TI3_Config
                0x00000000       0xec ..\obj\stm32f10x_tim.o
 .text.TI4_Config
                0x00000000       0xf8 ..\obj\stm32f10x_tim.o
 .debug_info    0x00000000     0x1cbc ..\obj\stm32f10x_tim.o
 .debug_abbrev  0x00000000      0x1e4 ..\obj\stm32f10x_tim.o
 .debug_aranges
                0x00000000      0x2f0 ..\obj\stm32f10x_tim.o
 .debug_ranges  0x00000000      0x2e0 ..\obj\stm32f10x_tim.o
 .debug_line    0x00000000      0xba1 ..\obj\stm32f10x_tim.o
 .debug_str     0x00000000      0xe40 ..\obj\stm32f10x_tim.o
 .comment       0x00000000       0x6f ..\obj\stm32f10x_tim.o
 .debug_frame   0x00000000      0xe2c ..\obj\stm32f10x_tim.o
 .ARM.attributes
                0x00000000       0x33 ..\obj\stm32f10x_tim.o
 COMMON         0x00000000        0xc ..\obj\stm32f10x_tim.o
 .text          0x00000000        0x0 ..\obj\system_stm32f10x.o
 .data          0x00000000       0x14 ..\obj\system_stm32f10x.o
 .bss           0x00000000        0x0 ..\obj\system_stm32f10x.o
 .text.SystemCoreClockUpdate
                0x00000000       0xd8 ..\obj\system_stm32f10x.o
 .text          0x00000000        0x0 ..\obj\hd44780_driver.o
 .data          0x00000000        0x0 ..\obj\hd44780_driver.o
 .bss           0x00000000        0x0 ..\obj\hd44780_driver.o
 .text.lcd_set_user_char
                0x00000000       0x58 ..\obj\hd44780_driver.o
 .text          0x00000000        0x0 ..\obj\startup_stm32f10x_md.o
 .data          0x00000000        0x0 ..\obj\startup_stm32f10x_md.o
 .bss           0x00000000        0x0 ..\obj\startup_stm32f10x_md.o
 .text          0x00000000        0x0 ..\obj\stm32f10x_gpio.o
 .data          0x00000000        0x0 ..\obj\stm32f10x_gpio.o
 .bss           0x00000000        0x0 ..\obj\stm32f10x_gpio.o
 .text.GPIO_DeInit
                0x00000000       0xe4 ..\obj\stm32f10x_gpio.o
 .text.GPIO_AFIODeInit
                0x00000000       0x18 ..\obj\stm32f10x_gpio.o
 .text.GPIO_StructInit
                0x00000000       0x28 ..\obj\stm32f10x_gpio.o
 .text.GPIO_ReadInputData
                0x00000000       0x18 ..\obj\stm32f10x_gpio.o
 .text.GPIO_ReadOutputDataBit
                0x00000000       0x34 ..\obj\stm32f10x_gpio.o
 .text.GPIO_ReadOutputData
                0x00000000       0x18 ..\obj\stm32f10x_gpio.o
 .text.GPIO_WriteBit
                0x00000000       0x30 ..\obj\stm32f10x_gpio.o
 .text.GPIO_Write
                0x00000000       0x1c ..\obj\stm32f10x_gpio.o
 .text.GPIO_PinLockConfig
                0x00000000       0x44 ..\obj\stm32f10x_gpio.o
 .text.GPIO_EventOutputConfig
                0x00000000       0x4c ..\obj\stm32f10x_gpio.o
 .text.GPIO_EventOutputCmd
                0x00000000       0x20 ..\obj\stm32f10x_gpio.o
 .text.GPIO_PinRemapConfig
                0x00000000       0xe0 ..\obj\stm32f10x_gpio.o
 .text.GPIO_EXTILineConfig
                0x00000000       0x84 ..\obj\stm32f10x_gpio.o
 .text.GPIO_ETH_MediaInterfaceConfig
                0x00000000       0x1c ..\obj\stm32f10x_gpio.o
 .text          0x00000000        0x0 ..\obj\main.o
 .data          0x00000000        0x0 ..\obj\main.o
 .bss           0x00000000        0x0 ..\obj\main.o
 .text.UART_Config
                0x00000000       0x78 ..\obj\main.o
 .text          0x00000000        0x0 ..\obj\stm32f10x_rcc.o
 .bss           0x00000000        0x0 ..\obj\stm32f10x_rcc.o
 .text.RCC_AdjustHSICalibrationValue
                0x00000000       0x3c ..\obj\stm32f10x_rcc.o
 .text.RCC_HSICmd
                0x00000000       0x20 ..\obj\stm32f10x_rcc.o
 .text.RCC_ITConfig
                0x00000000       0x4c ..\obj\stm32f10x_rcc.o
 .text.RCC_USBCLKConfig
                0x00000000       0x1c ..\obj\stm32f10x_rcc.o
 .text.RCC_LSEConfig
                0x00000000       0x40 ..\obj\stm32f10x_rcc.o
 .text.RCC_LSICmd
                0x00000000       0x20 ..\obj\stm32f10x_rcc.o
 .text.RCC_RTCCLKConfig
                0x00000000       0x24 ..\obj\stm32f10x_rcc.o
 .text.RCC_RTCCLKCmd
                0x00000000       0x20 ..\obj\stm32f10x_rcc.o
 .text.RCC_AHBPeriphClockCmd
                0x00000000       0x3c ..\obj\stm32f10x_rcc.o
 .text.RCC_APB1PeriphClockCmd
                0x00000000       0x3c ..\obj\stm32f10x_rcc.o
 .text.RCC_APB2PeriphResetCmd
                0x00000000       0x3c ..\obj\stm32f10x_rcc.o
 .text.RCC_APB1PeriphResetCmd
                0x00000000       0x3c ..\obj\stm32f10x_rcc.o
 .text.RCC_BackupResetCmd
                0x00000000       0x20 ..\obj\stm32f10x_rcc.o
 .text.RCC_MCOConfig
                0x00000000       0x20 ..\obj\stm32f10x_rcc.o
 .text.RCC_ClearFlag
                0x00000000       0x1c ..\obj\stm32f10x_rcc.o
 .text.RCC_GetITStatus
                0x00000000       0x34 ..\obj\stm32f10x_rcc.o
 .text.RCC_ClearITPendingBit
                0x00000000       0x20 ..\obj\stm32f10x_rcc.o
 .text          0x00000000        0x0 ..\obj\stm32f10x_adc.o
 .data          0x00000000        0x0 ..\obj\stm32f10x_adc.o
 .bss           0x00000000        0x0 ..\obj\stm32f10x_adc.o
 .text.ADC_DeInit
                0x00000000       0x74 ..\obj\stm32f10x_adc.o
 .text.ADC_DMACmd
                0x00000000       0x38 ..\obj\stm32f10x_adc.o
 .text.ADC_ITConfig
                0x00000000       0x44 ..\obj\stm32f10x_adc.o
 .text.ADC_GetSoftwareStartConvStatus
                0x00000000       0x30 ..\obj\stm32f10x_adc.o
 .text.ADC_DiscModeChannelCountConfig
                0x00000000       0x44 ..\obj\stm32f10x_adc.o
 .text.ADC_DiscModeCmd
                0x00000000       0x38 ..\obj\stm32f10x_adc.o
 .text.ADC_ExternalTrigConvCmd
                0x00000000       0x38 ..\obj\stm32f10x_adc.o
 .text.ADC_GetDualModeConversionValue
                0x00000000       0x14 ..\obj\stm32f10x_adc.o
 .text.ADC_AutoInjectedConvCmd
                0x00000000       0x38 ..\obj\stm32f10x_adc.o
 .text.ADC_InjectedDiscModeCmd
                0x00000000       0x38 ..\obj\stm32f10x_adc.o
 .text.ADC_ExternalTrigInjectedConvConfig
                0x00000000       0x34 ..\obj\stm32f10x_adc.o
 .text.ADC_ExternalTrigInjectedConvCmd
                0x00000000       0x38 ..\obj\stm32f10x_adc.o
 .text.ADC_SoftwareStartInjectedConvCmd
                0x00000000       0x38 ..\obj\stm32f10x_adc.o
 .text.ADC_GetSoftwareStartInjectedConvCmdStatus
                0x00000000       0x30 ..\obj\stm32f10x_adc.o
 .text.ADC_InjectedChannelConfig
                0x00000000      0x120 ..\obj\stm32f10x_adc.o
 .text.ADC_InjectedSequencerLengthConfig
                0x00000000       0x44 ..\obj\stm32f10x_adc.o
 .text.ADC_SetInjectedOffset
                0x00000000       0x34 ..\obj\stm32f10x_adc.o
 .text.ADC_GetInjectedConversionValue
                0x00000000       0x30 ..\obj\stm32f10x_adc.o
 .text.ADC_AnalogWatchdogCmd
                0x00000000       0x38 ..\obj\stm32f10x_adc.o
 .text.ADC_AnalogWatchdogThresholdsConfig
                0x00000000       0x28 ..\obj\stm32f10x_adc.o
 .text.ADC_AnalogWatchdogSingleChannelConfig
                0x00000000       0x38 ..\obj\stm32f10x_adc.o
 .text.ADC_TempSensorVrefintCmd
                0x00000000       0x38 ..\obj\stm32f10x_adc.o
 .text.ADC_ClearFlag
                0x00000000       0x20 ..\obj\stm32f10x_adc.o
 .text.ADC_GetITStatus
                0x00000000       0x54 ..\obj\stm32f10x_adc.o
 .text.ADC_ClearITPendingBit
                0x00000000       0x2c ..\obj\stm32f10x_adc.o
 .text          0x00000000        0x0 ..\obj\stm32f10x_usart.o
 .data          0x00000000        0x0 ..\obj\stm32f10x_usart.o
 .bss           0x00000000        0x0 ..\obj\stm32f10x_usart.o
 .text.USART_DeInit
                0x00000000       0xb8 ..\obj\stm32f10x_usart.o
 .text.USART_Init
                0x00000000      0x174 ..\obj\stm32f10x_usart.o
 .text.USART_StructInit
                0x00000000       0x38 ..\obj\stm32f10x_usart.o
 .text.USART_ClockInit
                0x00000000       0x58 ..\obj\stm32f10x_usart.o
 .text.USART_ClockStructInit
                0x00000000       0x2c ..\obj\stm32f10x_usart.o
 .text.USART_Cmd
                0x00000000       0x40 ..\obj\stm32f10x_usart.o
 .text.USART_DMACmd
                0x00000000       0x48 ..\obj\stm32f10x_usart.o
 .text.USART_SetAddress
                0x00000000       0x38 ..\obj\stm32f10x_usart.o
 .text.USART_WakeUpConfig
                0x00000000       0x38 ..\obj\stm32f10x_usart.o
 .text.USART_ReceiverWakeUpCmd
                0x00000000       0x40 ..\obj\stm32f10x_usart.o
 .text.USART_LINBreakDetectLengthConfig
                0x00000000       0x38 ..\obj\stm32f10x_usart.o
 .text.USART_LINCmd
                0x00000000       0x40 ..\obj\stm32f10x_usart.o
 .text.USART_SendBreak
                0x00000000       0x24 ..\obj\stm32f10x_usart.o
 .text.USART_SetGuardTime
                0x00000000       0x3c ..\obj\stm32f10x_usart.o
 .text.USART_SetPrescaler
                0x00000000       0x38 ..\obj\stm32f10x_usart.o
 .text.USART_SmartCardCmd
                0x00000000       0x40 ..\obj\stm32f10x_usart.o
 .text.USART_SmartCardNACKCmd
                0x00000000       0x40 ..\obj\stm32f10x_usart.o
 .text.USART_HalfDuplexCmd
                0x00000000       0x40 ..\obj\stm32f10x_usart.o
 .text.USART_OverSampling8Cmd
                0x00000000       0x44 ..\obj\stm32f10x_usart.o
 .text.USART_OneBitMethodCmd
                0x00000000       0x40 ..\obj\stm32f10x_usart.o
 .text.USART_IrDAConfig
                0x00000000       0x38 ..\obj\stm32f10x_usart.o
 .text.USART_IrDACmd
                0x00000000       0x40 ..\obj\stm32f10x_usart.o
 .text.USART_ClearFlag
                0x00000000       0x20 ..\obj\stm32f10x_usart.o
 .text.USART_GetITStatus
                0x00000000       0xb4 ..\obj\stm32f10x_usart.o
 .text.USART_ClearITPendingBit
                0x00000000       0x38 ..\obj\stm32f10x_usart.o
 .text.send_data_packet_UART
                0x00000000       0x4c ..\obj\stm32f10x_usart.o
 .text.packing_data
                0x00000000       0x34 ..\obj\stm32f10x_usart.o
 .text.TypeData_Init
                0x00000000       0x1c ..\obj\stm32f10x_usart.o
 .text          0x00000000        0x0 ..\obj\menu.o
 .data          0x00000000        0x0 ..\obj\menu.o
 .bss           0x00000000        0x0 ..\obj\menu.o
 .text          0x00000000        0x0 ..\obj\mode.o
 .data          0x00000000        0x0 ..\obj\mode.o
 .text.config_chanal_mux
                0x00000000       0x2c ..\obj\mode.o
 .text.reset_chanal_mux
                0x00000000       0x1c ..\obj\mode.o
 .text.set_channal_mux
                0x00000000      0x1c4 ..\obj\mode.o
 .text.show_result_work_mode_matrix
                0x00000000       0x54 ..\obj\mode.o
 .text.mode_analog
                0x00000000        0xc ..\obj\mode.o
 .text.config_chanal_mode_analog
                0x00000000        0xc ..\obj\mode.o
 .text          0x00000000        0x0 ..\obj\delay_.o
 .data          0x00000000        0x0 ..\obj\delay_.o
 .bss           0x00000000        0x0 ..\obj\delay_.o
 .text          0x00000000        0x0 ..\obj\match.o
 .data          0x00000000        0x0 ..\obj\match.o
 .bss           0x00000000        0x0 ..\obj\match.o
 .text          0x00000000        0x0 ..\obj\misc.o
 .data          0x00000000        0x0 ..\obj\misc.o
 .bss           0x00000000        0x0 ..\obj\misc.o
 .text.NVIC_PriorityGroupConfig
                0x00000000       0x24 ..\obj\misc.o
 .text.NVIC_Init
                0x00000000       0xc4 ..\obj\misc.o
 .text.NVIC_SetVectorTable
                0x00000000       0x2c ..\obj\misc.o
 .text.NVIC_SystemLPConfig
                0x00000000       0x40 ..\obj\misc.o
 .text.SysTick_CLKSourceConfig
                0x00000000       0x38 ..\obj\misc.o
 .debug_info    0x00000000      0x5c8 ..\obj\misc.o
 .debug_abbrev  0x00000000      0x167 ..\obj\misc.o
 .debug_aranges
                0x00000000       0x40 ..\obj\misc.o
 .debug_ranges  0x00000000       0x30 ..\obj\misc.o
 .debug_line    0x00000000      0x294 ..\obj\misc.o
 .debug_str     0x00000000      0x435 ..\obj\misc.o
 .comment       0x00000000       0x6f ..\obj\misc.o
 .debug_frame   0x00000000       0xd8 ..\obj\misc.o
 .ARM.attributes
                0x00000000       0x33 ..\obj\misc.o
 .text          0x00000000        0x0 c:/program files/gnu tools arm embedded/5.3 2016q1/bin/../lib/gcc/arm-none-eabi/5.3.1/../../../../arm-none-eabi/lib/armv7-m\libc.a(lib_a-exit.o)
 .data          0x00000000        0x0 c:/program files/gnu tools arm embedded/5.3 2016q1/bin/../lib/gcc/arm-none-eabi/5.3.1/../../../../arm-none-eabi/lib/armv7-m\libc.a(lib_a-exit.o)
 .bss           0x00000000        0x0 c:/program files/gnu tools arm embedded/5.3 2016q1/bin/../lib/gcc/arm-none-eabi/5.3.1/../../../../arm-none-eabi/lib/armv7-m\libc.a(lib_a-exit.o)
 .text.exit     0x00000000       0x20 c:/program files/gnu tools arm embedded/5.3 2016q1/bin/../lib/gcc/arm-none-eabi/5.3.1/../../../../arm-none-eabi/lib/armv7-m\libc.a(lib_a-exit.o)
 .debug_frame   0x00000000       0x28 c:/program files/gnu tools arm embedded/5.3 2016q1/bin/../lib/gcc/arm-none-eabi/5.3.1/../../../../arm-none-eabi/lib/armv7-m\libc.a(lib_a-exit.o)
 .ARM.attributes
                0x00000000       0x2d c:/program files/gnu tools arm embedded/5.3 2016q1/bin/../lib/gcc/arm-none-eabi/5.3.1/../../../../arm-none-eabi/lib/armv7-m\libc.a(lib_a-exit.o)
 .text          0x00000000        0x0 c:/program files/gnu tools arm embedded/5.3 2016q1/bin/../lib/gcc/arm-none-eabi/5.3.1/../../../../arm-none-eabi/lib/armv7-m\libc.a(lib_a-impure.o)
 .data          0x00000000        0x0 c:/program files/gnu tools arm embedded/5.3 2016q1/bin/../lib/gcc/arm-none-eabi/5.3.1/../../../../arm-none-eabi/lib/armv7-m\libc.a(lib_a-impure.o)
 .bss           0x00000000        0x0 c:/program files/gnu tools arm embedded/5.3 2016q1/bin/../lib/gcc/arm-none-eabi/5.3.1/../../../../arm-none-eabi/lib/armv7-m\libc.a(lib_a-impure.o)
 .data._impure_ptr
                0x00000000        0x4 c:/program files/gnu tools arm embedded/5.3 2016q1/bin/../lib/gcc/arm-none-eabi/5.3.1/../../../../arm-none-eabi/lib/armv7-m\libc.a(lib_a-impure.o)
 .text          0x00000000        0x0 c:/program files/gnu tools arm embedded/5.3 2016q1/bin/../lib/gcc/arm-none-eabi/5.3.1/../../../../arm-none-eabi/lib/armv7-m\libc.a(lib_a-init.o)
 .data          0x00000000        0x0 c:/program files/gnu tools arm embedded/5.3 2016q1/bin/../lib/gcc/arm-none-eabi/5.3.1/../../../../arm-none-eabi/lib/armv7-m\libc.a(lib_a-init.o)
 .bss           0x00000000        0x0 c:/program files/gnu tools arm embedded/5.3 2016q1/bin/../lib/gcc/arm-none-eabi/5.3.1/../../../../arm-none-eabi/lib/armv7-m\libc.a(lib_a-init.o)
 .text.__libc_init_array
                0x00000000       0x50 c:/program files/gnu tools arm embedded/5.3 2016q1/bin/../lib/gcc/arm-none-eabi/5.3.1/../../../../arm-none-eabi/lib/armv7-m\libc.a(lib_a-init.o)
 .debug_frame   0x00000000       0x2c c:/program files/gnu tools arm embedded/5.3 2016q1/bin/../lib/gcc/arm-none-eabi/5.3.1/../../../../arm-none-eabi/lib/armv7-m\libc.a(lib_a-init.o)
 .ARM.attributes
                0x00000000       0x2d c:/program files/gnu tools arm embedded/5.3 2016q1/bin/../lib/gcc/arm-none-eabi/5.3.1/../../../../arm-none-eabi/lib/armv7-m\libc.a(lib_a-init.o)
 .text          0x00000000        0x0 c:/program files/gnu tools arm embedded/5.3 2016q1/bin/../lib/gcc/arm-none-eabi/5.3.1/../../../../arm-none-eabi/lib/armv7-m\libc.a(lib_a-memset.o)
 .data          0x00000000        0x0 c:/program files/gnu tools arm embedded/5.3 2016q1/bin/../lib/gcc/arm-none-eabi/5.3.1/../../../../arm-none-eabi/lib/armv7-m\libc.a(lib_a-memset.o)
 .bss           0x00000000        0x0 c:/program files/gnu tools arm embedded/5.3 2016q1/bin/../lib/gcc/arm-none-eabi/5.3.1/../../../../arm-none-eabi/lib/armv7-m\libc.a(lib_a-memset.o)
 .text.memset   0x00000000       0x9c c:/program files/gnu tools arm embedded/5.3 2016q1/bin/../lib/gcc/arm-none-eabi/5.3.1/../../../../arm-none-eabi/lib/armv7-m\libc.a(lib_a-memset.o)
 .debug_frame   0x00000000       0x34 c:/program files/gnu tools arm embedded/5.3 2016q1/bin/../lib/gcc/arm-none-eabi/5.3.1/../../../../arm-none-eabi/lib/armv7-m\libc.a(lib_a-memset.o)
 .ARM.attributes
                0x00000000       0x2d c:/program files/gnu tools arm embedded/5.3 2016q1/bin/../lib/gcc/arm-none-eabi/5.3.1/../../../../arm-none-eabi/lib/armv7-m\libc.a(lib_a-memset.o)
 .text          0x00000000        0x0 c:/program files/gnu tools arm embedded/5.3 2016q1/bin/../lib/gcc/arm-none-eabi/5.3.1/../../../../arm-none-eabi/lib/armv7-m\libc.a(lib_a-__call_atexit.o)
 .data          0x00000000        0x0 c:/program files/gnu tools arm embedded/5.3 2016q1/bin/../lib/gcc/arm-none-eabi/5.3.1/../../../../arm-none-eabi/lib/armv7-m\libc.a(lib_a-__call_atexit.o)
 .bss           0x00000000        0x0 c:/program files/gnu tools arm embedded/5.3 2016q1/bin/../lib/gcc/arm-none-eabi/5.3.1/../../../../arm-none-eabi/lib/armv7-m\libc.a(lib_a-__call_atexit.o)
 .text.__call_exitprocs
                0x00000000       0xd8 c:/program files/gnu tools arm embedded/5.3 2016q1/bin/../lib/gcc/arm-none-eabi/5.3.1/../../../../arm-none-eabi/lib/armv7-m\libc.a(lib_a-__call_atexit.o)
 .text          0x00000000        0x0 c:/program files/gnu tools arm embedded/5.3 2016q1/bin/../lib/gcc/arm-none-eabi/5.3.1/../../../../arm-none-eabi/lib/armv7-m\libc.a(lib_a-atexit.o)
 .data          0x00000000        0x0 c:/program files/gnu tools arm embedded/5.3 2016q1/bin/../lib/gcc/arm-none-eabi/5.3.1/../../../../arm-none-eabi/lib/armv7-m\libc.a(lib_a-atexit.o)
 .bss           0x00000000        0x0 c:/program files/gnu tools arm embedded/5.3 2016q1/bin/../lib/gcc/arm-none-eabi/5.3.1/../../../../arm-none-eabi/lib/armv7-m\libc.a(lib_a-atexit.o)
 .text          0x00000000        0x0 c:/program files/gnu tools arm embedded/5.3 2016q1/bin/../lib/gcc/arm-none-eabi/5.3.1/../../../../arm-none-eabi/lib/armv7-m\libc.a(lib_a-fini.o)
 .data          0x00000000        0x0 c:/program files/gnu tools arm embedded/5.3 2016q1/bin/../lib/gcc/arm-none-eabi/5.3.1/../../../../arm-none-eabi/lib/armv7-m\libc.a(lib_a-fini.o)
 .bss           0x00000000        0x0 c:/program files/gnu tools arm embedded/5.3 2016q1/bin/../lib/gcc/arm-none-eabi/5.3.1/../../../../arm-none-eabi/lib/armv7-m\libc.a(lib_a-fini.o)
 .text          0x00000000        0x0 c:/program files/gnu tools arm embedded/5.3 2016q1/bin/../lib/gcc/arm-none-eabi/5.3.1/../../../../arm-none-eabi/lib/armv7-m\libc.a(lib_a-__atexit.o)
 .data          0x00000000        0x0 c:/program files/gnu tools arm embedded/5.3 2016q1/bin/../lib/gcc/arm-none-eabi/5.3.1/../../../../arm-none-eabi/lib/armv7-m\libc.a(lib_a-__atexit.o)
 .bss           0x00000000        0x0 c:/program files/gnu tools arm embedded/5.3 2016q1/bin/../lib/gcc/arm-none-eabi/5.3.1/../../../../arm-none-eabi/lib/armv7-m\libc.a(lib_a-__atexit.o)
 .text          0x00000000        0x0 c:/program files/gnu tools arm embedded/5.3 2016q1/bin/../lib/gcc/arm-none-eabi/5.3.1/armv7-m/crtend.o
 .data          0x00000000        0x0 c:/program files/gnu tools arm embedded/5.3 2016q1/bin/../lib/gcc/arm-none-eabi/5.3.1/armv7-m/crtend.o
 .bss           0x00000000        0x0 c:/program files/gnu tools arm embedded/5.3 2016q1/bin/../lib/gcc/arm-none-eabi/5.3.1/armv7-m/crtend.o
 .eh_frame      0x00000000        0x4 c:/program files/gnu tools arm embedded/5.3 2016q1/bin/../lib/gcc/arm-none-eabi/5.3.1/armv7-m/crtend.o
 .text          0x00000000        0x0 c:/program files/gnu tools arm embedded/5.3 2016q1/bin/../lib/gcc/arm-none-eabi/5.3.1/armv7-m/crtn.o
 .data          0x00000000        0x0 c:/program files/gnu tools arm embedded/5.3 2016q1/bin/../lib/gcc/arm-none-eabi/5.3.1/armv7-m/crtn.o
 .bss           0x00000000        0x0 c:/program files/gnu tools arm embedded/5.3 2016q1/bin/../lib/gcc/arm-none-eabi/5.3.1/armv7-m/crtn.o

Memory Configuration

Name             Origin             Length             Attributes
rom              0x08000000         0x00010000         xr
ram              0x20000000         0x00005000         xrw
*default*        0x00000000         0xffffffff

Linker script and memory map

LOAD c:/program files/gnu tools arm embedded/5.3 2016q1/bin/../lib/gcc/arm-none-eabi/5.3.1/armv7-m/crti.o
LOAD c:/program files/gnu tools arm embedded/5.3 2016q1/bin/../lib/gcc/arm-none-eabi/5.3.1/armv7-m/crtbegin.o
LOAD c:/program files/gnu tools arm embedded/5.3 2016q1/bin/../lib/gcc/arm-none-eabi/5.3.1/../../../../arm-none-eabi/lib/armv7-m/crt0.o
                0x20005000                _eram = 0x20005000

.text           0x08000000     0x426c
 *(.isr_vector)
 .isr_vector    0x08000000      0x10c ..\obj\startup_stm32f10x_md.o
                0x08000000                g_pfnVectors
 *(.text*)
 .text          0x0800010c       0x5c c:/program files/gnu tools arm embedded/5.3 2016q1/bin/../lib/gcc/arm-none-eabi/5.3.1/armv7-m/crtbegin.o
 .text.SystemInit
                0x08000168       0x68 ..\obj\system_stm32f10x.o
                0x08000168                SystemInit
 .text.SetSysClock
                0x080001d0        0xc ..\obj\system_stm32f10x.o
 .text.SetSysClockTo72
                0x080001dc      0x100 ..\obj\system_stm32f10x.o
 .text.lcd_delay
                0x080002dc       0x24 ..\obj\hd44780_driver.o
                0x080002dc                lcd_delay
 .text.lcd_init
                0x08000300       0x58 ..\obj\hd44780_driver.o
                0x08000300                lcd_init
 .text.lcd_set_xy
                0x08000358       0x40 ..\obj\hd44780_driver.o
                0x08000358                lcd_set_xy
 .text.lcd_out  0x08000398       0x2c ..\obj\hd44780_driver.o
                0x08000398                lcd_out
 .text.lcd_clear
                0x080003c4       0x10 ..\obj\hd44780_driver.o
                0x080003c4                lcd_clear
 .text.lcd_set_state
                0x080003d4       0x64 ..\obj\hd44780_driver.o
                0x080003d4                lcd_set_state
 .text.lcd_set_4bit_mode
                0x08000438       0x78 ..\obj\hd44780_driver.o
                0x08000438                lcd_set_4bit_mode
 .text.lcd_send
                0x080004b0       0xe4 ..\obj\hd44780_driver.o
                0x080004b0                lcd_send
 .text.lcd_out_char
                0x08000594       0x18 ..\obj\hd44780_driver.o
                0x08000594                lcd_out_char
 .text.lcd_out_number
                0x080005ac       0xb0 ..\obj\hd44780_driver.o
                0x080005ac                lcd_out_number
 .text.long_int_size
                0x0800065c       0x40 ..\obj\hd44780_driver.o
                0x0800065c                long_int_size
 .text.Default_Reset_Handler
                0x0800069c       0x60 ..\obj\startup_stm32f10x_md.o
                0x0800069c                Default_Reset_Handler
                0x0800069c                Reset_Handler
 .text.Default_Handler
                0x080006fc       0x50 ..\obj\startup_stm32f10x_md.o
                0x080006fc                EXTI2_IRQHandler
                0x080006fc                DebugMon_Handler
                0x080006fc                TIM1_CC_IRQHandler
                0x080006fc                HardFault_Handler
                0x080006fc                PVD_IRQHandler
                0x080006fc                PendSV_Handler
                0x080006fc                NMI_Handler
                0x080006fc                EXTI3_IRQHandler
                0x080006fc                EXTI0_IRQHandler
                0x080006fc                I2C2_EV_IRQHandler
                0x080006fc                UsageFault_Handler
                0x080006fc                ADC1_2_IRQHandler
                0x080006fc                SPI1_IRQHandler
                0x080006fc                TAMPER_IRQHandler
                0x080006fc                DMA1_Channel4_IRQHandler
                0x080006fc                RTC_IRQHandler
                0x080006fc                DMA1_Channel7_IRQHandler
                0x080006fc                CAN1_RX1_IRQHandler
                0x080006fc                TIM4_IRQHandler
                0x080006fc                I2C1_EV_IRQHandler
                0x080006fc                DMA1_Channel6_IRQHandler
                0x080006fc                TIM3_IRQHandler
                0x080006fc                RCC_IRQHandler
                0x080006fc                TIM1_TRG_COM_IRQHandler
                0x080006fc                DMA1_Channel1_IRQHandler
                0x080006fc                EXTI15_10_IRQHandler
                0x080006fc                EXTI9_5_IRQHandler
                0x080006fc                SPI2_IRQHandler
                0x080006fc                MemManage_Handler
                0x080006fc                SVC_Handler
                0x080006fc                DMA1_Channel5_IRQHandler
                0x080006fc                EXTI4_IRQHandler
                0x080006fc                USB_LP_CAN1_RX0_IRQHandler
                0x080006fc                USB_HP_CAN1_TX_IRQHandler
                0x080006fc                DMA1_Channel3_IRQHandler
                0x080006fc                TIM1_UP_IRQHandler
                0x080006fc                WWDG_IRQHandler
                0x080006fc                TIM2_IRQHandler
                0x080006fc                TIM1_BRK_IRQHandler
                0x080006fc                EXTI1_IRQHandler
                0x080006fc                RTCAlarm_IRQHandler
                0x080006fc                USART2_IRQHandler
                0x080006fc                I2C2_ER_IRQHandler
                0x080006fc                DMA1_Channel2_IRQHandler
                0x080006fc                CAN1_SCE_IRQHandler
                0x080006fc                FLASH_IRQHandler
                0x080006fc                BusFault_Handler
                0x080006fc                I2C1_ER_IRQHandler
                0x080006fc                USBWakeUp_IRQHandler
 .text.GPIO_Init
                0x0800074c      0x178 ..\obj\stm32f10x_gpio.o
                0x0800074c                GPIO_Init
 .text.GPIO_ReadInputDataBit
                0x080008c4       0x3c ..\obj\stm32f10x_gpio.o
                0x080008c4                GPIO_ReadInputDataBit
 .text.GPIO_SetBits
                0x08000900       0x1c ..\obj\stm32f10x_gpio.o
                0x08000900                GPIO_SetBits
 .text.GPIO_ResetBits
                0x0800091c       0x1c ..\obj\stm32f10x_gpio.o
                0x0800091c                GPIO_ResetBits
 .text.NVIC_EnableIRQ
                0x08000938       0x30 ..\obj\main.o
 .text.NVIC_SetPriority
                0x08000968       0x54 ..\obj\main.o
 .text.SysTick_Config
                0x080009bc       0x44 ..\obj\main.o
 .text.main     0x08000a00      0x1e4 ..\obj\main.o
                0x08000a00                main
 .text.RCC_Config
                0x08000be4      0x110 ..\obj\main.o
                0x08000be4                RCC_Config
 .text.GPIO_Config
                0x08000cf4       0x2c ..\obj\main.o
                0x08000cf4                GPIO_Config
 .text.ADC_Config
                0x08000d20       0xc0 ..\obj\main.o
                0x08000d20                ADC_Config
 .text.NVIC_Configuration
                0x08000de0       0x2c ..\obj\main.o
                0x08000de0                NVIC_Configuration
 .text.RCC_DeInit
                0x08000e0c       0x5c ..\obj\stm32f10x_rcc.o
                0x08000e0c                RCC_DeInit
 .text.RCC_HSEConfig
                0x08000e68       0x5c ..\obj\stm32f10x_rcc.o
                0x08000e68                RCC_HSEConfig
 .text.RCC_WaitForHSEStartUp
                0x08000ec4       0x50 ..\obj\stm32f10x_rcc.o
                0x08000ec4                RCC_WaitForHSEStartUp
 .text.RCC_PLLConfig
                0x08000f14       0x3c ..\obj\stm32f10x_rcc.o
                0x08000f14                RCC_PLLConfig
 .text.RCC_PLLCmd
                0x08000f50       0x20 ..\obj\stm32f10x_rcc.o
                0x08000f50                RCC_PLLCmd
 .text.RCC_SYSCLKConfig
                0x08000f70       0x38 ..\obj\stm32f10x_rcc.o
                0x08000f70                RCC_SYSCLKConfig
 .text.RCC_GetSYSCLKSource
                0x08000fa8       0x1c ..\obj\stm32f10x_rcc.o
                0x08000fa8                RCC_GetSYSCLKSource
 .text.RCC_HCLKConfig
                0x08000fc4       0x38 ..\obj\stm32f10x_rcc.o
                0x08000fc4                RCC_HCLKConfig
 .text.RCC_PCLK1Config
                0x08000ffc       0x38 ..\obj\stm32f10x_rcc.o
                0x08000ffc                RCC_PCLK1Config
 .text.RCC_PCLK2Config
                0x08001034       0x38 ..\obj\stm32f10x_rcc.o
                0x08001034                RCC_PCLK2Config
 .text.RCC_ADCCLKConfig
                0x0800106c       0x38 ..\obj\stm32f10x_rcc.o
                0x0800106c                RCC_ADCCLKConfig
 .text.RCC_GetClocksFreq
                0x080010a4      0x160 ..\obj\stm32f10x_rcc.o
                0x080010a4                RCC_GetClocksFreq
 .text.RCC_APB2PeriphClockCmd
                0x08001204       0x3c ..\obj\stm32f10x_rcc.o
                0x08001204                RCC_APB2PeriphClockCmd
 .text.RCC_ClockSecuritySystemCmd
                0x08001240       0x20 ..\obj\stm32f10x_rcc.o
                0x08001240                RCC_ClockSecuritySystemCmd
 .text.RCC_GetFlagStatus
                0x08001260       0x74 ..\obj\stm32f10x_rcc.o
                0x08001260                RCC_GetFlagStatus
 .text.ADC_Init
                0x080012d4       0xa4 ..\obj\stm32f10x_adc.o
                0x080012d4                ADC_Init
 .text.ADC_StructInit
                0x08001378       0x38 ..\obj\stm32f10x_adc.o
                0x08001378                ADC_StructInit
 .text.ADC_Cmd  0x080013b0       0x38 ..\obj\stm32f10x_adc.o
                0x080013b0                ADC_Cmd
 .text.ADC_ResetCalibration
                0x080013e8       0x20 ..\obj\stm32f10x_adc.o
                0x080013e8                ADC_ResetCalibration
 .text.ADC_GetResetCalibrationStatus
                0x08001408       0x30 ..\obj\stm32f10x_adc.o
                0x08001408                ADC_GetResetCalibrationStatus
 .text.ADC_StartCalibration
                0x08001438       0x20 ..\obj\stm32f10x_adc.o
                0x08001438                ADC_StartCalibration
 .text.ADC_GetCalibrationStatus
                0x08001458       0x30 ..\obj\stm32f10x_adc.o
                0x08001458                ADC_GetCalibrationStatus
 .text.ADC_SoftwareStartConvCmd
                0x08001488       0x38 ..\obj\stm32f10x_adc.o
                0x08001488                ADC_SoftwareStartConvCmd
 .text.ADC_RegularChannelConfig
                0x080014c0      0x194 ..\obj\stm32f10x_adc.o
                0x080014c0                ADC_RegularChannelConfig
 .text.ADC_GetConversionValue
                0x08001654       0x18 ..\obj\stm32f10x_adc.o
                0x08001654                ADC_GetConversionValue
 .text.ADC_GetFlagStatus
                0x0800166c       0x34 ..\obj\stm32f10x_adc.o
                0x0800166c                ADC_GetFlagStatus
 .text.USART_ITConfig
                0x080016a0       0x90 ..\obj\stm32f10x_usart.o
                0x080016a0                USART_ITConfig
 .text.USART_SendData
                0x08001730       0x24 ..\obj\stm32f10x_usart.o
                0x08001730                USART_SendData
 .text.USART_ReceiveData
                0x08001754       0x20 ..\obj\stm32f10x_usart.o
                0x08001754                USART_ReceiveData
 .text.USART_GetFlagStatus
                0x08001774       0x38 ..\obj\stm32f10x_usart.o
                0x08001774                USART_GetFlagStatus
 .text.send_Uart_str
                0x080017ac       0x2c ..\obj\stm32f10x_usart.o
                0x080017ac                send_Uart_str
 .text.send_Uart
                0x080017d8       0x30 ..\obj\stm32f10x_usart.o
                0x080017d8                send_Uart
 .text.menu_1   0x08001808      0x3e0 ..\obj\menu.o
                0x08001808                menu_1
 .text.config_chanal_arm
                0x08001be8      0x46c ..\obj\mode.o
                0x08001be8                config_chanal_arm
 .text.reset_array
                0x08002054       0x68 ..\obj\mode.o
                0x08002054                reset_array
 .text.data_collection
                0x080020bc       0x8c ..\obj\mode.o
                0x080020bc                data_collection
 .text.mode_open
                0x08002148       0x5c ..\obj\mode.o
                0x08002148                mode_open
 .text.mode_open_init
                0x080021a4       0x58 ..\obj\mode.o
                0x080021a4                mode_open_init
 .text.mode_matrix_init
                0x080021fc       0x58 ..\obj\mode.o
                0x080021fc                mode_matrix_init
 .text.set_chek_chanall_mode_open
                0x08002254       0x5c ..\obj\mode.o
                0x08002254                set_chek_chanall_mode_open
 .text.chek_chanall_mode_open
                0x080022b0      0x1d0 ..\obj\mode.o
                0x080022b0                chek_chanall_mode_open
 .text.reset_bit_out
                0x08002480       0x34 ..\obj\mode.o
                0x08002480                reset_bit_out
 .text.show_result_work_mode_open
                0x080024b4      0x16c ..\obj\mode.o
                0x080024b4                show_result_work_mode_open
 .text.mode_short
                0x08002620       0x44 ..\obj\mode.o
                0x08002620                mode_short
 .text.chek_adress_mode_short
                0x08002664       0x70 ..\obj\mode.o
                0x08002664                chek_adress_mode_short
 .text.show_result_work_mode_short
                0x080026d4       0x58 ..\obj\mode.o
                0x080026d4                show_result_work_mode_short
 .text.mode_matrix
                0x0800272c      0x368 ..\obj\mode.o
                0x0800272c                mode_matrix
 .text.test_sys
                0x08002a94      0x1fc ..\obj\mode.o
                0x08002a94                test_sys
 .text.get_adc_value
                0x08002c90       0x2c ..\obj\mode.o
                0x08002c90                get_adc_value
 .text.adc_calib
                0x08002cbc       0x54 ..\obj\mode.o
                0x08002cbc                adc_calib
 .text.mode_UART
                0x08002d10       0xa8 ..\obj\mode.o
                0x08002d10                mode_UART
 .text.USART3_IRQHandler
                0x08002db8       0x44 ..\obj\mode.o
                0x08002db8                USART3_IRQHandler
 .text.USART1_IRQHandler
                0x08002dfc       0x44 ..\obj\mode.o
                0x08002dfc                USART1_IRQHandler
 .text.arm_scanf
                0x08002e40       0x40 ..\obj\mode.o
                0x08002e40                arm_scanf
 .text.matrix_09_16_XW8
                0x08002e80      0x3e0 ..\obj\mode.o
                0x08002e80                matrix_09_16_XW8
 .text.mode_combo
                0x08003260      0x37c ..\obj\mode.o
                0x08003260                mode_combo
 .text.ADC_CH_control
                0x080035dc       0x88 ..\obj\mode.o
                0x080035dc                ADC_CH_control
 .text.adjust   0x08003664      0x63c ..\obj\mode.o
                0x08003664                adjust
 .text.SysTick_Handler
                0x08003ca0       0x1c ..\obj\delay_.o
                0x08003ca0                SysTick_Handler
 .text.delay_us
                0x08003cbc       0x38 ..\obj\delay_.o
                0x08003cbc                delay_us
 .text.exponentiation
                0x08003cf4       0x48 ..\obj\match.o
                0x08003cf4                exponentiation
 .text.startup.register_fini
                0x08003d3c       0x14 c:/program files/gnu tools arm embedded/5.3 2016q1/bin/../lib/gcc/arm-none-eabi/5.3.1/../../../../arm-none-eabi/lib/armv7-m\libc.a(lib_a-__call_atexit.o)
 .text.atexit   0x08003d50        0xc c:/program files/gnu tools arm embedded/5.3 2016q1/bin/../lib/gcc/arm-none-eabi/5.3.1/../../../../arm-none-eabi/lib/armv7-m\libc.a(lib_a-atexit.o)
                0x08003d50                atexit
 .text.__libc_fini_array
                0x08003d5c       0x28 c:/program files/gnu tools arm embedded/5.3 2016q1/bin/../lib/gcc/arm-none-eabi/5.3.1/../../../../arm-none-eabi/lib/armv7-m\libc.a(lib_a-fini.o)
                0x08003d5c                __libc_fini_array
 .text.__register_exitproc
                0x08003d84       0xa4 c:/program files/gnu tools arm embedded/5.3 2016q1/bin/../lib/gcc/arm-none-eabi/5.3.1/../../../../arm-none-eabi/lib/armv7-m\libc.a(lib_a-__atexit.o)
                0x08003d84                __register_exitproc
 *(.init)
 .init          0x08003e28        0x4 c:/program files/gnu tools arm embedded/5.3 2016q1/bin/../lib/gcc/arm-none-eabi/5.3.1/armv7-m/crti.o
                0x08003e28                _init
 .init          0x08003e2c        0x8 c:/program files/gnu tools arm embedded/5.3 2016q1/bin/../lib/gcc/arm-none-eabi/5.3.1/armv7-m/crtn.o
 *(.fini)
 .fini          0x08003e34        0x4 c:/program files/gnu tools arm embedded/5.3 2016q1/bin/../lib/gcc/arm-none-eabi/5.3.1/armv7-m/crti.o
                0x08003e34                _fini
 .fini          0x08003e38        0x8 c:/program files/gnu tools arm embedded/5.3 2016q1/bin/../lib/gcc/arm-none-eabi/5.3.1/armv7-m/crtn.o
 *crtbegin.o(.ctors)
 *crtbegin?.o(.ctors)
 *(EXCLUDE_FILE(*crtend.o *crtend?.o) .ctors)
 *(SORT(.ctors.*))
 *(.ctors)
 *crtbegin.o(.dtors)
 *crtbegin?.o(.dtors)
 *(EXCLUDE_FILE(*crtend.o *crtend?.o) .dtors)
 *(SORT(.dtors.*))
 *(.dtors)
 *(.rodata*)
 .rodata        0x08003e40       0x25 ..\obj\startup_stm32f10x_md.o
 *fill*         0x08003e65        0x3 
 .rodata        0x08003e68       0x78 ..\obj\main.o
 .rodata        0x08003ee0       0x6c ..\obj\menu.o
 .rodata        0x08003f4c      0x317 ..\obj\mode.o
 *fill*         0x08004263        0x1 
 .rodata.str1.4
                0x08004264        0x4 c:/program files/gnu tools arm embedded/5.3 2016q1/bin/../lib/gcc/arm-none-eabi/5.3.1/../../../../arm-none-eabi/lib/armv7-m\libc.a(lib_a-impure.o)
                                  0x2 (size before relaxing)
 .rodata._global_impure_ptr
                0x08004268        0x4 c:/program files/gnu tools arm embedded/5.3 2016q1/bin/../lib/gcc/arm-none-eabi/5.3.1/../../../../arm-none-eabi/lib/armv7-m\libc.a(lib_a-impure.o)
                0x08004268                _global_impure_ptr
 *(.eh_fram e*)

.eh_frame       0x0800426c        0x0
 .eh_frame      0x0800426c        0x0 c:/program files/gnu tools arm embedded/5.3 2016q1/bin/../lib/gcc/arm-none-eabi/5.3.1/armv7-m/crtbegin.o

.glue_7         0x0800426c        0x0
 .glue_7        0x0800426c        0x0 linker stubs

.glue_7t        0x0800426c        0x0
 .glue_7t       0x0800426c        0x0 linker stubs

.vfp11_veneer   0x0800426c        0x0
 .vfp11_veneer  0x0800426c        0x0 linker stubs

.v4_bx          0x0800426c        0x0
 .v4_bx         0x0800426c        0x0 linker stubs

.iplt           0x0800426c        0x0
 .iplt          0x0800426c        0x0 c:/program files/gnu tools arm embedded/5.3 2016q1/bin/../lib/gcc/arm-none-eabi/5.3.1/armv7-m/crtbegin.o

.rel.dyn        0x0800426c        0x0
 .rel.iplt      0x0800426c        0x0 c:/program files/gnu tools arm embedded/5.3 2016q1/bin/../lib/gcc/arm-none-eabi/5.3.1/armv7-m/crtbegin.o

.ARM.extab
 *(.ARM.extab* .gnu.linkonce.armextab.*)
                0x0800426c                __exidx_start = .

.ARM.exidx
 *(.ARM.exidx* .gnu.linkonce.armexidx.*)
                0x0800426c                __exidx_end = .
                0x0800426c                __etext = .
                0x0800426c                _sidata = __etext

.data           0x20000000      0x450 load address 0x0800426c
                0x20000000                __data_start__ = .
                0x20000000                _sdata = __data_start__
 *(vtable)
 *(.data*)
 .data          0x20000000       0x14 ..\obj\stm32f10x_rcc.o
 *fill*         0x20000014        0x4 
 .data.impure_data
                0x20000018      0x428 c:/program files/gnu tools arm embedded/5.3 2016q1/bin/../lib/gcc/arm-none-eabi/5.3.1/../../../../arm-none-eabi/lib/armv7-m\libc.a(lib_a-impure.o)
                0x20000440                . = ALIGN (0x4)
                0x20000440                PROVIDE (__preinit_array_start, .)
 *(.preinit_array)
                0x20000440                PROVIDE (__preinit_array_end, .)
                0x20000440                . = ALIGN (0x4)
                0x20000440                PROVIDE (__init_array_start, .)
 *(SORT(.init_array.*))
 .init_array.00000
                0x20000440        0x4 c:/program files/gnu tools arm embedded/5.3 2016q1/bin/../lib/gcc/arm-none-eabi/5.3.1/../../../../arm-none-eabi/lib/armv7-m\libc.a(lib_a-__call_atexit.o)
 *(.init_array)
 .init_array    0x20000444        0x4 c:/program files/gnu tools arm embedded/5.3 2016q1/bin/../lib/gcc/arm-none-eabi/5.3.1/armv7-m/crtbegin.o
                0x20000448                PROVIDE (__init_array_end, .)
                0x20000448                . = ALIGN (0x4)
                0x20000448                PROVIDE (__fini_array_start, .)
 *(SORT(.fini_array.*))
 *(.fini_array)
 .fini_array    0x20000448        0x4 c:/program files/gnu tools arm embedded/5.3 2016q1/bin/../lib/gcc/arm-none-eabi/5.3.1/armv7-m/crtbegin.o
                0x2000044c                PROVIDE (__fini_array_end, .)
 *(.jcr*)
 .jcr           0x2000044c        0x0 c:/program files/gnu tools arm embedded/5.3 2016q1/bin/../lib/gcc/arm-none-eabi/5.3.1/armv7-m/crtbegin.o
 .jcr           0x2000044c        0x4 c:/program files/gnu tools arm embedded/5.3 2016q1/bin/../lib/gcc/arm-none-eabi/5.3.1/armv7-m/crtend.o
                0x20000450                . = ALIGN (0x4)
                0x20000450                __data_end__ = .
                0x20000450                _edata = __data_end__

.igot.plt       0x20000450        0x0 load address 0x080046bc
 .igot.plt      0x20000450        0x0 c:/program files/gnu tools arm embedded/5.3 2016q1/bin/../lib/gcc/arm-none-eabi/5.3.1/armv7-m/crtbegin.o

.bss            0x20000450     0x3f84 load address 0x080046bc
                0x20000450                . = ALIGN (0x4)
                0x20000450                __bss_start__ = .
                0x20000450                _sbss = __bss_start__
 *(.bss*)
 .bss           0x20000450       0x1c c:/program files/gnu tools arm embedded/5.3 2016q1/bin/../lib/gcc/arm-none-eabi/5.3.1/armv7-m/crtbegin.o
 .bss           0x2000046c        0x1 ..\obj\mode.o
                0x2000046c                push_mode
 *(COMMON)
 *fill*         0x2000046d        0x3 
 COMMON         0x20000470        0x4 ..\obj\startup_stm32f10x_md.o
                0x20000470                delay_value
 COMMON         0x20000474     0x3f5d ..\obj\main.o
                0x20000474                GPIO_Config_port_mux
                0x20000478                ADC_CH_STATE
                0x2000047c                XW8_250_09_16
                0x2000077c                CHANAL
                0x200007dc                array_chek
                0x200019dc                type_test_signal
                0x200019e0                address
                0x200019e4                counter_receive
                0x200019e8                PORT_CHANAL
                0x20001aa8                numb_bits
                0x20001aa9                counter_chanall
                0x20001aaa                address_fragment
                0x20001aac                adc_level_add
                0x20001ab0                options
                0x20001ac0                ADC_InitStructure
                0x20001ad4                matrix_for_validation
                0x20001ad5                source_clk
                0x20001ad8                PORT_ADC
                0x20001b98                DATA_READ
                0x20001b9c                adc_chek
                0x20002d9c                number_of_channels
                0x20002d9d                HSE_ON
                0x20002d9e                mode_combo_number
                0x20002d9f                address_column
                0x20002da0                RCC_value
                0x20002db4                GPIO_Config_port_out
                0x20002db8                GPIO_Config_port_in
                0x20002dbc                USART3_buffer
                0x200031a4                number_repetitions_regime_open
                0x200031a8                ADC_CHANALL
                0x200031b4                array_error
                0x200043b4                pin_null
                0x200043b8                ADC_CHANALL_PIN
                0x200043ce                set_option_push
                0x200043cf                counter_array_chek
                0x200043d0                PLL_ON
                0x200043d4                . = ALIGN (0x4)
 *fill*         0x200043d1        0x3 
                0x200043d4                __bss_end__ = .
                0x200043d4                _ebss = __bss_end__

.heap           0x200043d4        0x0
                0x200043d4                __end__ = .
                0x200043d4                _end = __end__
                0x200043d4                end = __end__
 *(.heap*)
                0x200043d4                __HeapLimit = .

.co_stack       0x200043d4      0x404 load address 0x08008640
                0x200043d8                . = ALIGN (0x8)
 *fill*         0x200043d4        0x4 
 *(.co_stack .co_stack.*)
 .co_stack      0x200043d8      0x400 ..\obj\startup_stm32f10x_md.o
                0x200043d8                pulStack
                0x20005000                __StackTop = (ORIGIN (ram) + LENGTH (ram))
                0x20004bfc                __StackLimit = (__StackTop - SIZEOF (.co_stack))
                0x20005000                PROVIDE (__stack, __StackTop)
                0x00000001                ASSERT ((__StackLimit >= __HeapLimit), region ram  overflowed with stack)
LOAD ..\obj\stm32f10x_tim.o
LOAD ..\obj\system_stm32f10x.o
LOAD ..\obj\hd44780_driver.o
LOAD ..\obj\startup_stm32f10x_md.o
LOAD ..\obj\stm32f10x_gpio.o
LOAD ..\obj\main.o
LOAD ..\obj\stm32f10x_rcc.o
LOAD ..\obj\stm32f10x_adc.o
LOAD ..\obj\stm32f10x_usart.o
LOAD ..\obj\menu.o
LOAD ..\obj\mode.o
LOAD ..\obj\delay_.o
LOAD ..\obj\match.o
LOAD ..\obj\misc.o
LOAD c:/program files/gnu tools arm embedded/5.3 2016q1/bin/../lib/gcc/arm-none-eabi/5.3.1/../../../../arm-none-eabi/lib/armv7-m\libm.a
LOAD c:/program files/gnu tools arm embedded/5.3 2016q1/bin/../lib/gcc/arm-none-eabi/5.3.1/armv7-m\libgcc.a
LOAD c:/program files/gnu tools arm embedded/5.3 2016q1/bin/../lib/gcc/arm-none-eabi/5.3.1/../../../../arm-none-eabi/lib/armv7-m\libc.a
LOAD c:/program files/gnu tools arm embedded/5.3 2016q1/bin/../lib/gcc/arm-none-eabi/5.3.1/../../../../arm-none-eabi/lib/armv7-m\libstdc++.a
START GROUP
LOAD c:/program files/gnu tools arm embedded/5.3 2016q1/bin/../lib/gcc/arm-none-eabi/5.3.1/armv7-m\libgcc.a
LOAD c:/program files/gnu tools arm embedded/5.3 2016q1/bin/../lib/gcc/arm-none-eabi/5.3.1/../../../../arm-none-eabi/lib/armv7-m\libg.a
LOAD c:/program files/gnu tools arm embedded/5.3 2016q1/bin/../lib/gcc/arm-none-eabi/5.3.1/../../../../arm-none-eabi/lib/armv7-m\libc.a
END GROUP
LOAD c:/program files/gnu tools arm embedded/5.3 2016q1/bin/../lib/gcc/arm-none-eabi/5.3.1/armv7-m/crtend.o
LOAD c:/program files/gnu tools arm embedded/5.3 2016q1/bin/../lib/gcc/arm-none-eabi/5.3.1/armv7-m/crtn.o
OUTPUT(STM32F103ZET6.elf elf32-littlearm)

.ARM.attributes
                0x00000000       0x29
 .ARM.attributes
                0x00000000       0x1d c:/program files/gnu tools arm embedded/5.3 2016q1/bin/../lib/gcc/arm-none-eabi/5.3.1/armv7-m/crti.o
 .ARM.attributes
                0x0000001d       0x2d c:/program files/gnu tools arm embedded/5.3 2016q1/bin/../lib/gcc/arm-none-eabi/5.3.1/armv7-m/crtbegin.o
 .ARM.attributes
                0x0000004a       0x33 ..\obj\system_stm32f10x.o
 .ARM.attributes
                0x0000007d       0x33 ..\obj\hd44780_driver.o
 .ARM.attributes
                0x000000b0       0x33 ..\obj\startup_stm32f10x_md.o
 .ARM.attributes
                0x000000e3       0x33 ..\obj\stm32f10x_gpio.o
 .ARM.attributes
                0x00000116       0x33 ..\obj\main.o
 .ARM.attributes
                0x00000149       0x33 ..\obj\stm32f10x_rcc.o
 .ARM.attributes
                0x0000017c       0x33 ..\obj\stm32f10x_adc.o
 .ARM.attributes
                0x000001af       0x33 ..\obj\stm32f10x_usart.o
 .ARM.attributes
                0x000001e2       0x33 ..\obj\menu.o
 .ARM.attributes
                0x00000215       0x33 ..\obj\mode.o
 .ARM.attributes
                0x00000248       0x33 ..\obj\delay_.o
 .ARM.attributes
                0x0000027b       0x33 ..\obj\match.o
 .ARM.attributes
                0x000002ae       0x2d c:/program files/gnu tools arm embedded/5.3 2016q1/bin/../lib/gcc/arm-none-eabi/5.3.1/../../../../arm-none-eabi/lib/armv7-m\libc.a(lib_a-impure.o)
 .ARM.attributes
                0x000002db       0x2d c:/program files/gnu tools arm embedded/5.3 2016q1/bin/../lib/gcc/arm-none-eabi/5.3.1/../../../../arm-none-eabi/lib/armv7-m\libc.a(lib_a-__call_atexit.o)
 .ARM.attributes
                0x00000308       0x2d c:/program files/gnu tools arm embedded/5.3 2016q1/bin/../lib/gcc/arm-none-eabi/5.3.1/../../../../arm-none-eabi/lib/armv7-m\libc.a(lib_a-atexit.o)
 .ARM.attributes
                0x00000335       0x2d c:/program files/gnu tools arm embedded/5.3 2016q1/bin/../lib/gcc/arm-none-eabi/5.3.1/../../../../arm-none-eabi/lib/armv7-m\libc.a(lib_a-fini.o)
 .ARM.attributes
                0x00000362       0x2d c:/program files/gnu tools arm embedded/5.3 2016q1/bin/../lib/gcc/arm-none-eabi/5.3.1/../../../../arm-none-eabi/lib/armv7-m\libc.a(lib_a-__atexit.o)
 .ARM.attributes
                0x0000038f       0x2d c:/program files/gnu tools arm embedded/5.3 2016q1/bin/../lib/gcc/arm-none-eabi/5.3.1/armv7-m/crtend.o
 .ARM.attributes
                0x000003bc       0x1d c:/program files/gnu tools arm embedded/5.3 2016q1/bin/../lib/gcc/arm-none-eabi/5.3.1/armv7-m/crtn.o

.comment        0x00000000       0x6e
 .comment       0x00000000       0x6e ..\obj\system_stm32f10x.o
                                 0x6f (size before relaxing)
 .comment       0x0000006e       0x6f ..\obj\hd44780_driver.o
 .comment       0x0000006e       0x6f ..\obj\startup_stm32f10x_md.o
 .comment       0x0000006e       0x6f ..\obj\stm32f10x_gpio.o
 .comment       0x0000006e       0x6f ..\obj\main.o
 .comment       0x0000006e       0x6f ..\obj\stm32f10x_rcc.o
 .comment       0x0000006e       0x6f ..\obj\stm32f10x_adc.o
 .comment       0x0000006e       0x6f ..\obj\stm32f10x_usart.o
 .comment       0x0000006e       0x6f ..\obj\menu.o
 .comment       0x0000006e       0x6f ..\obj\mode.o
 .comment       0x0000006e       0x6f ..\obj\delay_.o
 .comment       0x0000006e       0x6f ..\obj\match.o

.debug_info     0x00000000     0x5401
 .debug_info    0x00000000      0x4f8 ..\obj\system_stm32f10x.o
 .debug_info    0x000004f8      0x46b ..\obj\hd44780_driver.o
 .debug_info    0x00000963      0x204 ..\obj\startup_stm32f10x_md.o
 .debug_info    0x00000b67      0x761 ..\obj\stm32f10x_gpio.o
 .debug_info    0x000012c8      0xecc ..\obj\main.o
 .debug_info    0x00002194      0x8ff ..\obj\stm32f10x_rcc.o
 .debug_info    0x00002a93      0xbd8 ..\obj\stm32f10x_adc.o
 .debug_info    0x0000366b      0xb72 ..\obj\stm32f10x_usart.o
 .debug_info    0x000041dd      0x20d ..\obj\menu.o
 .debug_info    0x000043ea      0xdf6 ..\obj\mode.o
 .debug_info    0x000051e0      0x1b8 ..\obj\delay_.o
 .debug_info    0x00005398       0x69 ..\obj\match.o

.debug_abbrev   0x00000000     0x12b8
 .debug_abbrev  0x00000000      0x16e ..\obj\system_stm32f10x.o
 .debug_abbrev  0x0000016e      0x192 ..\obj\hd44780_driver.o
 .debug_abbrev  0x00000300      0x117 ..\obj\startup_stm32f10x_md.o
 .debug_abbrev  0x00000417      0x1ec ..\obj\stm32f10x_gpio.o
 .debug_abbrev  0x00000603      0x228 ..\obj\main.o
 .debug_abbrev  0x0000082b      0x1dc ..\obj\stm32f10x_rcc.o
 .debug_abbrev  0x00000a07      0x1cc ..\obj\stm32f10x_adc.o
 .debug_abbrev  0x00000bd3      0x1e8 ..\obj\stm32f10x_usart.o
 .debug_abbrev  0x00000dbb       0xf3 ..\obj\menu.o
 .debug_abbrev  0x00000eae      0x2a3 ..\obj\mode.o
 .debug_abbrev  0x00001151      0x110 ..\obj\delay_.o
 .debug_abbrev  0x00001261       0x57 ..\obj\match.o

.debug_aranges  0x00000000      0x6d0
 .debug_aranges
                0x00000000       0x38 ..\obj\system_stm32f10x.o
 .debug_aranges
                0x00000038       0x78 ..\obj\hd44780_driver.o
 .debug_aranges
                0x000000b0       0x28 ..\obj\startup_stm32f10x_md.o
 .debug_aranges
                0x000000d8       0xa8 ..\obj\stm32f10x_gpio.o
 .debug_aranges
                0x00000180       0x60 ..\obj\main.o
 .debug_aranges
                0x000001e0      0x118 ..\obj\stm32f10x_rcc.o
 .debug_aranges
                0x000002f8      0x138 ..\obj\stm32f10x_adc.o
 .debug_aranges
                0x00000430      0x128 ..\obj\stm32f10x_usart.o
 .debug_aranges
                0x00000558       0x20 ..\obj\menu.o
 .debug_aranges
                0x00000578      0x110 ..\obj\mode.o
 .debug_aranges
                0x00000688       0x28 ..\obj\delay_.o
 .debug_aranges
                0x000006b0       0x20 ..\obj\match.o

.debug_ranges   0x00000000      0x610
 .debug_ranges  0x00000000       0x28 ..\obj\system_stm32f10x.o
 .debug_ranges  0x00000028       0x68 ..\obj\hd44780_driver.o
 .debug_ranges  0x00000090       0x18 ..\obj\startup_stm32f10x_md.o
 .debug_ranges  0x000000a8       0x98 ..\obj\stm32f10x_gpio.o
 .debug_ranges  0x00000140       0x50 ..\obj\main.o
 .debug_ranges  0x00000190      0x108 ..\obj\stm32f10x_rcc.o
 .debug_ranges  0x00000298      0x128 ..\obj\stm32f10x_adc.o
 .debug_ranges  0x000003c0      0x118 ..\obj\stm32f10x_usart.o
 .debug_ranges  0x000004d8       0x10 ..\obj\menu.o
 .debug_ranges  0x000004e8      0x100 ..\obj\mode.o
 .debug_ranges  0x000005e8       0x18 ..\obj\delay_.o
 .debug_ranges  0x00000600       0x10 ..\obj\match.o

.debug_line     0x00000000     0x3047
 .debug_line    0x00000000      0x291 ..\obj\system_stm32f10x.o
 .debug_line    0x00000291      0x38f ..\obj\hd44780_driver.o
 .debug_line    0x00000620      0x286 ..\obj\startup_stm32f10x_md.o
 .debug_line    0x000008a6      0x423 ..\obj\stm32f10x_gpio.o
 .debug_line    0x00000cc9      0x3be ..\obj\main.o
 .debug_line    0x00001087      0x51c ..\obj\stm32f10x_rcc.o
 .debug_line    0x000015a3      0x58b ..\obj\stm32f10x_adc.o
 .debug_line    0x00001b2e      0x5ab ..\obj\stm32f10x_usart.o
 .debug_line    0x000020d9      0x2fe ..\obj\menu.o
 .debug_line    0x000023d7      0x9b5 ..\obj\mode.o
 .debug_line    0x00002d8c      0x23b ..\obj\delay_.o
 .debug_line    0x00002fc7       0x80 ..\obj\match.o

.debug_str      0x00000000     0x2195
 .debug_str     0x00000000      0x2e3 ..\obj\system_stm32f10x.o
                                0x352 (size before relaxing)
 .debug_str     0x000002e3      0x1e3 ..\obj\hd44780_driver.o
                                0x3a7 (size before relaxing)
 .debug_str     0x000004c6       0xcd ..\obj\startup_stm32f10x_md.o
                                0x267 (size before relaxing)
 .debug_str     0x00000593      0x3a7 ..\obj\stm32f10x_gpio.o
                                0x583 (size before relaxing)
 .debug_str     0x0000093a      0x811 ..\obj\main.o
                                0xb95 (size before relaxing)
 .debug_str     0x0000114b      0x37c ..\obj\stm32f10x_rcc.o
                                0x67d (size before relaxing)
 .debug_str     0x000014c7      0x484 ..\obj\stm32f10x_adc.o
                                0x75e (size before relaxing)
 .debug_str     0x0000194b      0x427 ..\obj\stm32f10x_usart.o
                                0x778 (size before relaxing)
 .debug_str     0x00001d72       0x76 ..\obj\menu.o
                                0x24a (size before relaxing)
 .debug_str     0x00001de8      0x2f0 ..\obj\mode.o
                                0x991 (size before relaxing)
 .debug_str     0x000020d8       0x64 ..\obj\delay_.o
                                0x227 (size before relaxing)
 .debug_str     0x0000213c       0x59 ..\obj\match.o
                                 0xd5 (size before relaxing)

.debug_frame    0x00000000     0x1c80
 .debug_frame   0x00000000       0x98 ..\obj\system_stm32f10x.o
 .debug_frame   0x00000098      0x1b0 ..\obj\hd44780_driver.o
 .debug_frame   0x00000248       0x54 ..\obj\startup_stm32f10x_md.o
 .debug_frame   0x0000029c      0x2d0 ..\obj\stm32f10x_gpio.o
 .debug_frame   0x0000056c      0x148 ..\obj\main.o
 .debug_frame   0x000006b4      0x4f4 ..\obj\stm32f10x_rcc.o
 .debug_frame   0x00000ba8      0x5a4 ..\obj\stm32f10x_adc.o
 .debug_frame   0x0000114c      0x544 ..\obj\stm32f10x_usart.o
 .debug_frame   0x00001690       0x38 ..\obj\menu.o
 .debug_frame   0x000016c8      0x450 ..\obj\mode.o
 .debug_frame   0x00001b18       0x58 ..\obj\delay_.o
 .debug_frame   0x00001b70       0x38 ..\obj\match.o
 .debug_frame   0x00001ba8       0x50 c:/program files/gnu tools arm embedded/5.3 2016q1/bin/../lib/gcc/arm-none-eabi/5.3.1/../../../../arm-none-eabi/lib/armv7-m\libc.a(lib_a-__call_atexit.o)
 .debug_frame   0x00001bf8       0x20 c:/program files/gnu tools arm embedded/5.3 2016q1/bin/../lib/gcc/arm-none-eabi/5.3.1/../../../../arm-none-eabi/lib/armv7-m\libc.a(lib_a-atexit.o)
 .debug_frame   0x00001c18       0x34 c:/program files/gnu tools arm embedded/5.3 2016q1/bin/../lib/gcc/arm-none-eabi/5.3.1/../../../../arm-none-eabi/lib/armv7-m\libc.a(lib_a-fini.o)
 .debug_frame   0x00001c4c       0x34 c:/program files/gnu tools arm embedded/5.3 2016q1/bin/../lib/gcc/arm-none-eabi/5.3.1/../../../../arm-none-eabi/lib/armv7-m\libc.a(lib_a-__atexit.o)
